[0.089s] DEBUG:colcon:Command line arguments: ['/u/42/nguyent141/data/Public/git/holisticPolicy/ROS-simulation/.venv/bin/colcon', 'build', '--packages-select', 'client_drone']
[0.089s] DEBUG:colcon:Parsed command line arguments: Namespace(log_base=None, log_level=None, verb_name='build', build_base='build', install_base='install', merge_install=False, symlink_install=False, test_result_base=None, continue_on_error=False, executor='parallel', parallel_workers=20, event_handlers=None, ignore_user_meta=False, metas=['./colcon.meta'], base_paths=['.'], packages_ignore=None, packages_ignore_regex=None, paths=None, packages_up_to=None, packages_up_to_regex=None, packages_above=None, packages_above_and_dependencies=None, packages_above_depth=None, packages_select_by_dep=None, packages_skip_by_dep=None, packages_skip_up_to=None, packages_select_build_failed=False, packages_skip_build_finished=False, packages_select_test_failures=False, packages_skip_test_passed=False, packages_select=['client_drone'], packages_skip=None, packages_select_regex=None, packages_skip_regex=None, packages_start=None, packages_end=None, cmake_args=None, cmake_target=None, cmake_target_skip_unavailable=False, cmake_clean_cache=False, cmake_clean_first=False, cmake_force_configure=False, ament_cmake_args=None, catkin_cmake_args=None, catkin_skip_building_tests=False, verb_parser=<colcon_defaults.argument_parser.defaults.DefaultArgumentsDecorator object at 0x770bf6649580>, verb_extension=<colcon_core.verb.build.BuildVerb object at 0x770bf6649430>, main=<bound method BuildVerb.main of <colcon_core.verb.build.BuildVerb object at 0x770bf6649430>>)
[0.119s] Level 1:colcon.colcon_core.package_discovery:discover_packages(colcon_meta) check parameters
[0.119s] Level 1:colcon.colcon_core.package_discovery:discover_packages(recursive) check parameters
[0.119s] Level 1:colcon.colcon_core.package_discovery:discover_packages(ignore) check parameters
[0.119s] Level 1:colcon.colcon_core.package_discovery:discover_packages(path) check parameters
[0.119s] Level 1:colcon.colcon_core.package_discovery:discover_packages(colcon_meta) discover
[0.119s] Level 1:colcon.colcon_core.package_discovery:discover_packages(recursive) discover
[0.119s] INFO:colcon.colcon_core.package_discovery:Crawling recursively for packages in '/u/42/nguyent141/data/Public/git/holisticPolicy/ROS-simulation'
[0.119s] Level 1:colcon.colcon_core.package_identification:_identify(.) by extensions ['ignore', 'ignore_ament_install']
[0.119s] Level 1:colcon.colcon_core.package_identification:_identify(.) by extension 'ignore'
[0.119s] Level 1:colcon.colcon_core.package_identification:_identify(.) by extension 'ignore_ament_install'
[0.120s] Level 1:colcon.colcon_core.package_identification:_identify(.) by extensions ['colcon_pkg']
[0.120s] Level 1:colcon.colcon_core.package_identification:_identify(.) by extension 'colcon_pkg'
[0.120s] Level 1:colcon.colcon_core.package_identification:_identify(.) by extensions ['colcon_meta']
[0.120s] Level 1:colcon.colcon_core.package_identification:_identify(.) by extension 'colcon_meta'
[0.120s] Level 1:colcon.colcon_core.package_identification:_identify(.) by extensions ['ros']
[0.120s] Level 1:colcon.colcon_core.package_identification:_identify(.) by extension 'ros'
[0.140s] Level 1:colcon.colcon_core.package_identification:_identify(.) by extensions ['cmake', 'python']
[0.140s] Level 1:colcon.colcon_core.package_identification:_identify(.) by extension 'cmake'
[0.140s] Level 1:colcon.colcon_core.package_identification:_identify(.) by extension 'python'
[0.140s] Level 1:colcon.colcon_core.package_identification:_identify(.) by extensions ['python_setup_py']
[0.140s] Level 1:colcon.colcon_core.package_identification:_identify(.) by extension 'python_setup_py'
[0.140s] Level 1:colcon.colcon_core.package_identification:_identify(build) by extensions ['ignore', 'ignore_ament_install']
[0.140s] Level 1:colcon.colcon_core.package_identification:_identify(build) by extension 'ignore'
[0.140s] Level 1:colcon.colcon_core.package_identification:_identify(build) ignored
[0.141s] Level 1:colcon.colcon_core.package_identification:_identify(install) by extensions ['ignore', 'ignore_ament_install']
[0.141s] Level 1:colcon.colcon_core.package_identification:_identify(install) by extension 'ignore'
[0.141s] Level 1:colcon.colcon_core.package_identification:_identify(install) ignored
[0.141s] Level 1:colcon.colcon_core.package_identification:_identify(log) by extensions ['ignore', 'ignore_ament_install']
[0.141s] Level 1:colcon.colcon_core.package_identification:_identify(log) by extension 'ignore'
[0.141s] Level 1:colcon.colcon_core.package_identification:_identify(log) ignored
[0.141s] Level 1:colcon.colcon_core.package_identification:_identify(server-testing) by extensions ['ignore', 'ignore_ament_install']
[0.141s] Level 1:colcon.colcon_core.package_identification:_identify(server-testing) by extension 'ignore'
[0.141s] Level 1:colcon.colcon_core.package_identification:_identify(server-testing) by extension 'ignore_ament_install'
[0.141s] Level 1:colcon.colcon_core.package_identification:_identify(server-testing) by extensions ['colcon_pkg']
[0.141s] Level 1:colcon.colcon_core.package_identification:_identify(server-testing) by extension 'colcon_pkg'
[0.141s] Level 1:colcon.colcon_core.package_identification:_identify(server-testing) by extensions ['colcon_meta']
[0.141s] Level 1:colcon.colcon_core.package_identification:_identify(server-testing) by extension 'colcon_meta'
[0.141s] Level 1:colcon.colcon_core.package_identification:_identify(server-testing) by extensions ['ros']
[0.141s] Level 1:colcon.colcon_core.package_identification:_identify(server-testing) by extension 'ros'
[0.141s] Level 1:colcon.colcon_core.package_identification:_identify(server-testing) by extensions ['cmake', 'python']
[0.141s] Level 1:colcon.colcon_core.package_identification:_identify(server-testing) by extension 'cmake'
[0.141s] Level 1:colcon.colcon_core.package_identification:_identify(server-testing) by extension 'python'
[0.141s] Level 1:colcon.colcon_core.package_identification:_identify(server-testing) by extensions ['python_setup_py']
[0.141s] Level 1:colcon.colcon_core.package_identification:_identify(server-testing) by extension 'python_setup_py'
[0.141s] Level 1:colcon.colcon_core.package_identification:_identify(server-testing/src) by extensions ['ignore', 'ignore_ament_install']
[0.141s] Level 1:colcon.colcon_core.package_identification:_identify(server-testing/src) by extension 'ignore'
[0.141s] Level 1:colcon.colcon_core.package_identification:_identify(server-testing/src) by extension 'ignore_ament_install'
[0.141s] Level 1:colcon.colcon_core.package_identification:_identify(server-testing/src) by extensions ['colcon_pkg']
[0.141s] Level 1:colcon.colcon_core.package_identification:_identify(server-testing/src) by extension 'colcon_pkg'
[0.141s] Level 1:colcon.colcon_core.package_identification:_identify(server-testing/src) by extensions ['colcon_meta']
[0.141s] Level 1:colcon.colcon_core.package_identification:_identify(server-testing/src) by extension 'colcon_meta'
[0.141s] Level 1:colcon.colcon_core.package_identification:_identify(server-testing/src) by extensions ['ros']
[0.141s] Level 1:colcon.colcon_core.package_identification:_identify(server-testing/src) by extension 'ros'
[0.141s] Level 1:colcon.colcon_core.package_identification:_identify(server-testing/src) by extensions ['cmake', 'python']
[0.141s] Level 1:colcon.colcon_core.package_identification:_identify(server-testing/src) by extension 'cmake'
[0.141s] Level 1:colcon.colcon_core.package_identification:_identify(server-testing/src) by extension 'python'
[0.141s] Level 1:colcon.colcon_core.package_identification:_identify(server-testing/src) by extensions ['python_setup_py']
[0.141s] Level 1:colcon.colcon_core.package_identification:_identify(server-testing/src) by extension 'python_setup_py'
[0.141s] Level 1:colcon.colcon_core.package_identification:_identify(server-testing/src/__pycache__) by extensions ['ignore', 'ignore_ament_install']
[0.141s] Level 1:colcon.colcon_core.package_identification:_identify(server-testing/src/__pycache__) by extension 'ignore'
[0.142s] Level 1:colcon.colcon_core.package_identification:_identify(server-testing/src/__pycache__) by extension 'ignore_ament_install'
[0.142s] Level 1:colcon.colcon_core.package_identification:_identify(server-testing/src/__pycache__) by extensions ['colcon_pkg']
[0.142s] Level 1:colcon.colcon_core.package_identification:_identify(server-testing/src/__pycache__) by extension 'colcon_pkg'
[0.142s] Level 1:colcon.colcon_core.package_identification:_identify(server-testing/src/__pycache__) by extensions ['colcon_meta']
[0.142s] Level 1:colcon.colcon_core.package_identification:_identify(server-testing/src/__pycache__) by extension 'colcon_meta'
[0.142s] Level 1:colcon.colcon_core.package_identification:_identify(server-testing/src/__pycache__) by extensions ['ros']
[0.142s] Level 1:colcon.colcon_core.package_identification:_identify(server-testing/src/__pycache__) by extension 'ros'
[0.142s] Level 1:colcon.colcon_core.package_identification:_identify(server-testing/src/__pycache__) by extensions ['cmake', 'python']
[0.142s] Level 1:colcon.colcon_core.package_identification:_identify(server-testing/src/__pycache__) by extension 'cmake'
[0.142s] Level 1:colcon.colcon_core.package_identification:_identify(server-testing/src/__pycache__) by extension 'python'
[0.142s] Level 1:colcon.colcon_core.package_identification:_identify(server-testing/src/__pycache__) by extensions ['python_setup_py']
[0.142s] Level 1:colcon.colcon_core.package_identification:_identify(server-testing/src/__pycache__) by extension 'python_setup_py'
[0.142s] Level 1:colcon.colcon_core.package_identification:_identify(src) by extensions ['ignore', 'ignore_ament_install']
[0.142s] Level 1:colcon.colcon_core.package_identification:_identify(src) by extension 'ignore'
[0.142s] Level 1:colcon.colcon_core.package_identification:_identify(src) by extension 'ignore_ament_install'
[0.142s] Level 1:colcon.colcon_core.package_identification:_identify(src) by extensions ['colcon_pkg']
[0.142s] Level 1:colcon.colcon_core.package_identification:_identify(src) by extension 'colcon_pkg'
[0.142s] Level 1:colcon.colcon_core.package_identification:_identify(src) by extensions ['colcon_meta']
[0.142s] Level 1:colcon.colcon_core.package_identification:_identify(src) by extension 'colcon_meta'
[0.142s] Level 1:colcon.colcon_core.package_identification:_identify(src) by extensions ['ros']
[0.142s] Level 1:colcon.colcon_core.package_identification:_identify(src) by extension 'ros'
[0.142s] Level 1:colcon.colcon_core.package_identification:_identify(src) by extensions ['cmake', 'python']
[0.142s] Level 1:colcon.colcon_core.package_identification:_identify(src) by extension 'cmake'
[0.142s] Level 1:colcon.colcon_core.package_identification:_identify(src) by extension 'python'
[0.142s] Level 1:colcon.colcon_core.package_identification:_identify(src) by extensions ['python_setup_py']
[0.142s] Level 1:colcon.colcon_core.package_identification:_identify(src) by extension 'python_setup_py'
[0.142s] Level 1:colcon.colcon_core.package_identification:_identify(src/client_drone) by extensions ['ignore', 'ignore_ament_install']
[0.142s] Level 1:colcon.colcon_core.package_identification:_identify(src/client_drone) by extension 'ignore'
[0.142s] Level 1:colcon.colcon_core.package_identification:_identify(src/client_drone) by extension 'ignore_ament_install'
[0.142s] Level 1:colcon.colcon_core.package_identification:_identify(src/client_drone) by extensions ['colcon_pkg']
[0.142s] Level 1:colcon.colcon_core.package_identification:_identify(src/client_drone) by extension 'colcon_pkg'
[0.142s] Level 1:colcon.colcon_core.package_identification:_identify(src/client_drone) by extensions ['colcon_meta']
[0.142s] Level 1:colcon.colcon_core.package_identification:_identify(src/client_drone) by extension 'colcon_meta'
[0.142s] Level 1:colcon.colcon_core.package_identification:_identify(src/client_drone) by extensions ['ros']
[0.142s] Level 1:colcon.colcon_core.package_identification:_identify(src/client_drone) by extension 'ros'
[0.144s] DEBUG:colcon.colcon_core.package_identification:Package 'src/client_drone' with type 'ros.ament_python' and name 'client_drone'
[0.144s] Level 1:colcon.colcon_core.package_identification:_identify(src/py_srvcli2) by extensions ['ignore', 'ignore_ament_install']
[0.144s] Level 1:colcon.colcon_core.package_identification:_identify(src/py_srvcli2) by extension 'ignore'
[0.144s] Level 1:colcon.colcon_core.package_identification:_identify(src/py_srvcli2) by extension 'ignore_ament_install'
[0.144s] Level 1:colcon.colcon_core.package_identification:_identify(src/py_srvcli2) by extensions ['colcon_pkg']
[0.144s] Level 1:colcon.colcon_core.package_identification:_identify(src/py_srvcli2) by extension 'colcon_pkg'
[0.144s] Level 1:colcon.colcon_core.package_identification:_identify(src/py_srvcli2) by extensions ['colcon_meta']
[0.144s] Level 1:colcon.colcon_core.package_identification:_identify(src/py_srvcli2) by extension 'colcon_meta'
[0.144s] Level 1:colcon.colcon_core.package_identification:_identify(src/py_srvcli2) by extensions ['ros']
[0.144s] Level 1:colcon.colcon_core.package_identification:_identify(src/py_srvcli2) by extension 'ros'
[0.145s] DEBUG:colcon.colcon_core.package_identification:Package 'src/py_srvcli2' with type 'ros.ament_python' and name 'py_srvcli2'
[0.145s] Level 1:colcon.colcon_core.package_discovery:discover_packages(recursive) using defaults
[0.145s] Level 1:colcon.colcon_core.package_discovery:discover_packages(ignore) discover
[0.145s] Level 1:colcon.colcon_core.package_discovery:discover_packages(ignore) using defaults
[0.145s] Level 1:colcon.colcon_core.package_discovery:discover_packages(path) discover
[0.145s] Level 1:colcon.colcon_core.package_discovery:discover_packages(path) using defaults
[0.157s] INFO:colcon.colcon_core.package_selection:Skipping not selected package 'py_srvcli2' in 'src/py_srvcli2'
[0.157s] Level 5:colcon.colcon_core.verb:set package 'client_drone' build argument 'cmake_args' from command line to 'None'
[0.157s] Level 5:colcon.colcon_core.verb:set package 'client_drone' build argument 'cmake_target' from command line to 'None'
[0.157s] Level 5:colcon.colcon_core.verb:set package 'client_drone' build argument 'cmake_target_skip_unavailable' from command line to 'False'
[0.157s] Level 5:colcon.colcon_core.verb:set package 'client_drone' build argument 'cmake_clean_cache' from command line to 'False'
[0.157s] Level 5:colcon.colcon_core.verb:set package 'client_drone' build argument 'cmake_clean_first' from command line to 'False'
[0.157s] Level 5:colcon.colcon_core.verb:set package 'client_drone' build argument 'cmake_force_configure' from command line to 'False'
[0.157s] Level 5:colcon.colcon_core.verb:set package 'client_drone' build argument 'ament_cmake_args' from command line to 'None'
[0.157s] Level 5:colcon.colcon_core.verb:set package 'client_drone' build argument 'catkin_cmake_args' from command line to 'None'
[0.157s] Level 5:colcon.colcon_core.verb:set package 'client_drone' build argument 'catkin_skip_building_tests' from command line to 'False'
[0.157s] DEBUG:colcon.colcon_core.verb:Building package 'client_drone' with the following arguments: {'ament_cmake_args': None, 'build_base': '/u/42/nguyent141/data/Public/git/holisticPolicy/ROS-simulation/build/client_drone', 'catkin_cmake_args': None, 'catkin_skip_building_tests': False, 'cmake_args': None, 'cmake_clean_cache': False, 'cmake_clean_first': False, 'cmake_force_configure': False, 'cmake_target': None, 'cmake_target_skip_unavailable': False, 'install_base': '/u/42/nguyent141/data/Public/git/holisticPolicy/ROS-simulation/install/client_drone', 'merge_install': False, 'path': '/u/42/nguyent141/data/Public/git/holisticPolicy/ROS-simulation/src/client_drone', 'symlink_install': False, 'test_result_base': None}
[0.157s] INFO:colcon.colcon_core.executor:Executing jobs using 'parallel' executor
[0.158s] DEBUG:colcon.colcon_parallel_executor.executor.parallel:run_until_complete
[0.158s] INFO:colcon.colcon_ros.task.ament_python.build:Building ROS package in '/u/42/nguyent141/data/Public/git/holisticPolicy/ROS-simulation/src/client_drone' with build type 'ament_python'
[0.158s] Level 1:colcon.colcon_core.shell:create_environment_hook('client_drone', 'ament_prefix_path')
[0.160s] INFO:colcon.colcon_core.plugin_system:Skipping extension 'colcon_core.shell.bat': Not used on non-Windows systems
[0.160s] INFO:colcon.colcon_core.shell:Creating environment hook '/u/42/nguyent141/data/Public/git/holisticPolicy/ROS-simulation/install/client_drone/share/client_drone/hook/ament_prefix_path.ps1'
[0.161s] INFO:colcon.colcon_core.shell:Creating environment descriptor '/u/42/nguyent141/data/Public/git/holisticPolicy/ROS-simulation/install/client_drone/share/client_drone/hook/ament_prefix_path.dsv'
[0.161s] INFO:colcon.colcon_core.shell:Creating environment hook '/u/42/nguyent141/data/Public/git/holisticPolicy/ROS-simulation/install/client_drone/share/client_drone/hook/ament_prefix_path.sh'
[0.163s] INFO:colcon.colcon_core.shell:Skip shell extension 'powershell' for command environment: Not usable outside of PowerShell
[0.163s] DEBUG:colcon.colcon_core.shell:Skip shell extension 'dsv' for command environment
[0.164s] WARNING:colcon.colcon_core.prefix_path.colcon:The path '/u/42/nguyent141/data/Public/git/holisticPolicy/ROS-simulation/src/install' in the environment variable COLCON_PREFIX_PATH doesn't exist
[0.165s] WARNING:colcon.colcon_ros.prefix_path.ament:The path '/u/42/nguyent141/data/Public/git/holisticPolicy/ROS-simulation/src/install/client_drone' in the environment variable AMENT_PREFIX_PATH doesn't exist
[0.379s] INFO:colcon.colcon_core.task.python.build:Building Python package in '/u/42/nguyent141/data/Public/git/holisticPolicy/ROS-simulation/src/client_drone'
[0.380s] INFO:colcon.colcon_core.shell:Skip shell extension 'powershell' for command environment: Not usable outside of PowerShell
[0.380s] DEBUG:colcon.colcon_core.shell:Skip shell extension 'dsv' for command environment
[0.723s] DEBUG:colcon.colcon_core.event_handler.log_command:Invoking command in '/u/42/nguyent141/data/Public/git/holisticPolicy/ROS-simulation/src/client_drone': PS1=(ros-simulation) ${$((_p9k_on_expand()))+}%{${_p9k__raw_msg-}${_p9k__raw_msg::=}%}${(e)_p9k_t[7]}${_p9k__1-${${:-${_p9k__d::=0}${_p9k__rprompt::=${_p9k__1r-${${:-${_p9k__bg::=NONE}${_p9k__i::=0}${_p9k__sss::=}}+}${${:-${P9K_CONTENT::=}${_p9k__n::=}${${${_p9k__bg:-0}:#NONE}:-${_p9k__n::=8}}${_p9k__n:=${${(M)${:-x$_p9k__bg}:#x(234|234)}:+10}}${_p9k__n:=11}${_p9k__v::="✔"}${_p9k__c::="${P9K_CONTENT}"}${_p9k__c::=${_p9k__c//
}}${_p9k__e::=${${_p9k__1rstatus+00}:-${${(%):-$_p9k__c%1(l.1.0)}[-1]}1}}}+}${${_p9k__e:#00}:+${_p9k_t[$_p9k__n]/<_p9k__w>/$_p9k__w}${_p9k__c}%b%K{234\}%F{070\}${${(M)_p9k__e:#11}:+ }$_p9k__v${${:-${_p9k__w::=%b%K{234\}%F{070\} %b%K{234\}%F{070\}}${_p9k__sss::=%b%K{234\}%F{070\} %k%F{234\}%b%K{234\}%F{070\}}${_p9k__i::=1}${_p9k__bg::=234}}+}}${${:-"${${(%):-%j}:#0}"}:+${${:-${P9K_CONTENT::=""}${_p9k__n::=}${${${_p9k__bg:-0}:#NONE}:-${_p9k__n::=12}}${_p9k__n:=${${(M)${:-x$_p9k__bg}:#x(234|234)}:+14}}${_p9k__n:=15}${_p9k__v::=}${_p9k__c::="${P9K_CONTENT}"}${_p9k__c::=${_p9k__c//
}}${_p9k__e::=${${_p9k__1rbackground_jobs+00}:-${${(%):-$_p9k__c%1(l.1.0)}[-1]}1}}}+}${${_p9k__e:#00}:+${_p9k_t[$_p9k__n]/<_p9k__w>/$_p9k__w}${_p9k__c}%b%K{234\}%F{037\}${${(M)_p9k__e:#11}:+ }$_p9k__v${${:-${_p9k__w::=%b%K{234\}%F{037\} %b%K{234\}%F{037\}}${_p9k__sss::=%b%K{234\}%F{037\} %k%F{234\}%b%K{234\}%F{037\}}${_p9k__i::=3}${_p9k__bg::=234}}+}}}${${:-${P9K_CONTENT::=minikube/default}${_p9k__n::=}${${${_p9k__bg:-0}:#NONE}:-${_p9k__n::=16}}${_p9k__n:=${${(M)${:-x$_p9k__bg}:#x(234|234)}:+18}}${_p9k__n:=19}${P9K_VISUAL_IDENTIFIER::=⎈}${_p9k__v::=⎈}${_p9k__c::="${P9K_KUBECONTEXT_CLOUD_CLUSTER:-${P9K_KUBECONTEXT_NAME}}${${:-/$P9K_KUBECONTEXT_NAMESPACE}:#/default}"}${_p9k__c::=${_p9k__c//
}}${_p9k__e::=${${_p9k__1rkubecontext+00}:-${${(%):-$_p9k__c%1(l.1.0)}[-1]}1}}}+}${${_p9k__e:#00}:+${_p9k_t[$_p9k__n]/<_p9k__w>/$_p9k__w}${_p9k__c}%b%K{234\}%F{134\}${${(M)_p9k__e:#11}:+ }$_p9k__v${${:-${_p9k__w::=%b%K{234\}%F{134\} %b%K{234\}%F{134\}}${_p9k__sss::=%b%K{234\}%F{134\} %k%F{234\}%b%K{234\}%F{134\}}${_p9k__i::=23}${_p9k__bg::=234}}+}}${${:-"${${(%):-%#}:#\#}"}:+${${:-${P9K_CONTENT::=%n@%m}${_p9k__n::=}${${${_p9k__bg:-0}:#NONE}:-${_p9k__n::=20}}${_p9k__n:=${${(M)${:-x$_p9k__bg}:#x(234|234)}:+22}}${_p9k__n:=23}${_p9k__c::=}${_p9k__c::=${_p9k__c//
}}${_p9k__e::=${${_p9k__1rcontext+00}:-${${(%):-$_p9k__c%1(l.1.0)}[-1]}0}}}+}${${_p9k__e:#00}:+${_p9k_t[$_p9k__n]/<_p9k__w>/$_p9k__w}${_p9k__c}%b%K{234\}%F{180\}${${:-${_p9k__w::=%b%K{234\}%F{180\} %b%K{234\}%F{180\}}${_p9k__sss::=%b%K{234\}%F{180\} %k%F{234\}%b%K{234\}%F{180\}}${_p9k__i::=31}${_p9k__bg::=234}}+}}}${${:-"${${(%):-%#}:#\%}"}:+${${:-${P9K_CONTENT::=%B%n@%m}${_p9k__n::=}${${${_p9k__bg:-0}:#NONE}:-${_p9k__n::=24}}${_p9k__n:=${${(M)${:-x$_p9k__bg}:#x(234|234)}:+26}}${_p9k__n:=27}${_p9k__c::="${P9K_CONTENT}"}${_p9k__c::=${_p9k__c//
}}${_p9k__e::=${${_p9k__1rcontext+00}:-${${(%):-$_p9k__c%1(l.1.0)}[-1]}0}}}+}${${_p9k__e:#00}:+${_p9k_t[$_p9k__n]/<_p9k__w>/$_p9k__w}${_p9k__c}%b%K{234\}%F{178\}${${:-${_p9k__w::=%b%K{234\}%F{178\} %b%K{234\}%F{178\}}${_p9k__sss::=%b%K{234\}%F{178\} %k%F{234\}%b%K{234\}%F{178\}}${_p9k__i::=31}${_p9k__bg::=234}}+}}}${${:-"${${:-$_p9k__keymap.$_p9k__zle_state}:#(vicmd.*|vivis.*|vivli.*|*.*insert*)}"}:+${${:-${P9K_CONTENT::=OVERTYPE}${_p9k__n::=}${${${_p9k__bg:-0}:#NONE}:-${_p9k__n::=28}}${_p9k__n:=${${(M)${:-x$_p9k__bg}:#x(234|234)}:+30}}${_p9k__n:=31}${_p9k__c::="${P9K_CONTENT}"}${_p9k__c::=${_p9k__c//
}}${_p9k__e::=${${_p9k__1rvi_mode+00}:-${${(%):-$_p9k__c%1(l.1.0)}[-1]}0}}}+}${${_p9k__e:#00}:+${_p9k_t[$_p9k__n]/<_p9k__w>/$_p9k__w}${_p9k__c}%b%K{234\}%F{172\}${${:-${_p9k__w::=%b%K{234\}%F{172\} %b%K{234\}%F{172\}}${_p9k__sss::=%b%K{234\}%F{172\} %k%F{234\}%b%K{234\}%F{172\}}${_p9k__i::=42}${_p9k__bg::=234}}+}}}${${:-"${(M)${:-$_p9k__keymap$_p9k__region_active}:#vicmd0}"}:+${${:-${P9K_CONTENT::=NORMAL}${_p9k__n::=}${${${_p9k__bg:-0}:#NONE}:-${_p9k__n::=32}}${_p9k__n:=${${(M)${:-x$_p9k__bg}:#x(234|234)}:+34}}${_p9k__n:=35}${_p9k__c::="${P9K_CONTENT}"}${_p9k__c::=${_p9k__c//
}}${_p9k__e::=${${_p9k__1rvi_mode+00}:-${${(%):-$_p9k__c%1(l.1.0)}[-1]}0}}}+}${${_p9k__e:#00}:+${_p9k_t[$_p9k__n]/<_p9k__w>/$_p9k__w}${_p9k__c}%b%K{234\}%F{106\}${${:-${_p9k__w::=%b%K{234\}%F{106\} %b%K{234\}%F{106\}}${_p9k__sss::=%b%K{234\}%F{106\} %k%F{234\}%b%K{234\}%F{106\}}${_p9k__i::=42}${_p9k__bg::=234}}+}}}${${:-"${(M)${:-$_p9k__keymap$_p9k__region_active}:#(vicmd1|vivis?|vivli?)}"}:+${${:-${P9K_CONTENT::=VISUAL}${_p9k__n::=}${${${_p9k__bg:-0}:#NONE}:-${_p9k__n::=36}}${_p9k__n:=${${(M)${:-x$_p9k__bg}:#x(234|234)}:+38}}${_p9k__n:=39}${_p9k__c::="${P9K_CONTENT}"}${_p9k__c::=${_p9k__c//
}}${_p9k__e::=${${_p9k__1rvi_mode+00}:-${${(%):-$_p9k__c%1(l.1.0)}[-1]}0}}}+}${${_p9k__e:#00}:+${_p9k_t[$_p9k__n]/<_p9k__w>/$_p9k__w}${_p9k__c}%b%K{234\}%F{068\}${${:-${_p9k__w::=%b%K{234\}%F{068\} %b%K{234\}%F{068\}}${_p9k__sss::=%b%K{234\}%F{068\} %k%F{234\}%b%K{234\}%F{068\}}${_p9k__i::=42}${_p9k__bg::=234}}+}}}${${:-${P9K_CONTENT::=18:31:18}${_p9k__n::=}${${${_p9k__bg:-0}:#NONE}:-${_p9k__n::=40}}${_p9k__n:=${${(M)${:-x$_p9k__bg}:#x(234|234)}:+42}}${_p9k__n:=43}${_p9k__v::=}${_p9k__c::="${P9K_CONTENT}"}${_p9k__c::=${_p9k__c//
}}${_p9k__e::=${${_p9k__1rtime+00}:-${${(%):-$_p9k__c%1(l.1.0)}[-1]}1}}}+}${${_p9k__e:#00}:+${_p9k_t[$_p9k__n]/<_p9k__w>/$_p9k__w}${_p9k__c}%b%K{234\}%F{066\}${${(M)_p9k__e:#11}:+ }$_p9k__v${${:-${_p9k__w::=%b%K{234\}%F{066\} %b%K{234\}%F{066\}}${_p9k__sss::=%b%K{234\}%F{066\} %k%F{234\}%b%K{234\}%F{066\}}${_p9k__i::=47}${_p9k__bg::=234}}+}}$_p9k__sss%b%k%f}}${_p9k__lprompt::=${_p9k__1l-${${:-${_p9k__bg::=NONE}${_p9k__i::=0}${_p9k__sss::=%f}}+}${${:-${P9K_CONTENT::=}${_p9k__n::=}${${${_p9k__bg:-0}:#NONE}:-${_p9k__n::=44}}${_p9k__n:=${${(M)${:-x234}:#x($_p9k__bg|${_p9k__bg:-0})}:+46}}${_p9k__n:=47}${_p9k__c::="${P9K_CONTENT}"}${_p9k__c::=${_p9k__c//
}}${_p9k__e::=${${_p9k__1los_icon+00}:-${${(%):-$_p9k__c%1(l.1.0)}[-1]}0}}}+}${${_p9k__e:#00}:+${${_p9k_t[$_p9k__n]/<_p9k__ss>/$_p9k__ss}/<_p9k__s>/$_p9k__s}${_p9k__c}%b%K{234\}%F{255\} ${${:-${_p9k__s::=%F{234\}}${_p9k__ss::=%242F}${_p9k__sss::=%F{234\}}${_p9k__i::=1}${_p9k__bg::=234}}+}}${${:-${P9K_CONTENT::="%{d%}/${:-"%B%F{039}"}${(Q)${:-"u"}}${:-"%b%K{234}%F{031}"}/42/${${${_p9k__d:#-*}:+nguyent141}:-${:-"%F{103}"}n${:-"%b%K{234}%F{031}"}${$((_p9k__d+=9))+}}/${${${_p9k__d:#-*}:+data}:-${:-"%F{103}"}d${:-"%b%K{234}%F{031}"}${$((_p9k__d+=3))+}}/${${${_p9k__d:#-*}:+Public}:-${:-"%F{103}"}P${:-"%b%K{234}%F{031}"}${$((_p9k__d+=5))+}}/${${${_p9k__d:#-*}:+git}:-${:-"%F{103}"}gi${:-"%b%K{234}%F{031}"}${$((_p9k__d+=1))+}}/${:-"%B%F{039}"}holisticPolicy${:-"%b%K{234}%F{031}"}/${:-"%B%F{039}"}ROS-simulation${:-"%b%K{234}%F{031}"}/${:-"%B%F{039}"}src${:-"%b%K{234}%F{031}"}%{d%}"}${_p9k__n::=}${${${_p9k__bg:-0}:#NONE}:-${_p9k__n::=136}}${_p9k__n:=${${(M)${:-x234}:#x($_p9k__bg|${_p9k__bg:-0})}:+138}}${_p9k__n:=139}${_p9k__v::=}${_p9k__c::="${P9K_CONTENT}"}${_p9k__c::=${_p9k__c//
}}${_p9k__e::=${${_p9k__1ldir+00}:-${${(%):-$_p9k__c%1(l.1.0)}[-1]}1}}}+}${${_p9k__e:#00}:+${${_p9k_t[$_p9k__n]/<_p9k__ss>/$_p9k__ss}/<_p9k__s>/$_p9k__s}${_p9k__v}${${(M)_p9k__e:#11}:+ }${_p9k__c}%b%K{234\}%F{031\} ${${:-${_p9k__s::=%F{234\}}${_p9k__ss::=%242F}${_p9k__sss::=%F{234\}}${_p9k__i::=2}${_p9k__bg::=234}}+}}${(e)_p9k__vcs}%b%k$_p9k__sss%b%k%f${:-" %b%k%f"}}}}+}${(e)_p9k_t[6]}${${_p9k__h::=84.5}+}${${_p9k__d::=$((_p9k__m-_p9k__h))}+}${_p9k__lprompt/\%\{d\%\}*\%\{d\%\}/${_p9k__1ldir-/${:-"%B%F{039}"}${(Q)${:-"u"}}${:-"%b%K{234}%F{031}"}/42/${${${_p9k__d:#-*}:+nguyent141}:-${:-"%F{103}"}n${:-"%b%K{234}%F{031}"}${$((_p9k__d+=9))+}}/${${${_p9k__d:#-*}:+data}:-${:-"%F{103}"}d${:-"%b%K{234}%F{031}"}${$((_p9k__d+=3))+}}/${${${_p9k__d:#-*}:+Public}:-${:-"%F{103}"}P${:-"%b%K{234}%F{031}"}${$((_p9k__d+=5))+}}/${${${_p9k__d:#-*}:+git}:-${:-"%F{103}"}gi${:-"%b%K{234}%F{031}"}${$((_p9k__d+=1))+}}/${:-"%B%F{039}"}holisticPolicy${:-"%b%K{234}%F{031}"}/${:-"%B%F{039}"}ROS-simulation${:-"%b%K{234}%F{031}"}/${:-"%B%F{039}"}src${:-"%b%K{234}%F{031}"}}}${${_p9k__m::=$((_p9k__d+_p9k__h))}+}}${${COLUMNS::=$_p9k__clm}+} PYTHONPATH=/u/42/nguyent141/data/Public/git/holisticPolicy/ROS-simulation/build/client_drone/prefix_override:/u/42/nguyent141/data/Public/git/holisticPolicy/ROS-simulation/.venv/lib/python3.12/site-packages/colcon_core/task/python/colcon_distutils_commands:/u/42/nguyent141/data/Public/git/holisticPolicy/ROS-simulation/install/client_drone/lib/python3.12/site-packages:${PYTHONPATH} /u/42/nguyent141/data/Public/git/holisticPolicy/ROS-simulation/.venv/bin/python3 -W ignore:setup.py install is deprecated setup.py egg_info --egg-base ../../build/client_drone build --build-base /u/42/nguyent141/data/Public/git/holisticPolicy/ROS-simulation/build/client_drone/build install --record /u/42/nguyent141/data/Public/git/holisticPolicy/ROS-simulation/build/client_drone/install.log --single-version-externally-managed install_data
[1.067s] DEBUG:colcon.colcon_core.event_handler.log_command:Invoked command in '/u/42/nguyent141/data/Public/git/holisticPolicy/ROS-simulation/src/client_drone' returned '0': PS1=(ros-simulation) ${$((_p9k_on_expand()))+}%{${_p9k__raw_msg-}${_p9k__raw_msg::=}%}${(e)_p9k_t[7]}${_p9k__1-${${:-${_p9k__d::=0}${_p9k__rprompt::=${_p9k__1r-${${:-${_p9k__bg::=NONE}${_p9k__i::=0}${_p9k__sss::=}}+}${${:-${P9K_CONTENT::=}${_p9k__n::=}${${${_p9k__bg:-0}:#NONE}:-${_p9k__n::=8}}${_p9k__n:=${${(M)${:-x$_p9k__bg}:#x(234|234)}:+10}}${_p9k__n:=11}${_p9k__v::="✔"}${_p9k__c::="${P9K_CONTENT}"}${_p9k__c::=${_p9k__c//
}}${_p9k__e::=${${_p9k__1rstatus+00}:-${${(%):-$_p9k__c%1(l.1.0)}[-1]}1}}}+}${${_p9k__e:#00}:+${_p9k_t[$_p9k__n]/<_p9k__w>/$_p9k__w}${_p9k__c}%b%K{234\}%F{070\}${${(M)_p9k__e:#11}:+ }$_p9k__v${${:-${_p9k__w::=%b%K{234\}%F{070\} %b%K{234\}%F{070\}}${_p9k__sss::=%b%K{234\}%F{070\} %k%F{234\}%b%K{234\}%F{070\}}${_p9k__i::=1}${_p9k__bg::=234}}+}}${${:-"${${(%):-%j}:#0}"}:+${${:-${P9K_CONTENT::=""}${_p9k__n::=}${${${_p9k__bg:-0}:#NONE}:-${_p9k__n::=12}}${_p9k__n:=${${(M)${:-x$_p9k__bg}:#x(234|234)}:+14}}${_p9k__n:=15}${_p9k__v::=}${_p9k__c::="${P9K_CONTENT}"}${_p9k__c::=${_p9k__c//
}}${_p9k__e::=${${_p9k__1rbackground_jobs+00}:-${${(%):-$_p9k__c%1(l.1.0)}[-1]}1}}}+}${${_p9k__e:#00}:+${_p9k_t[$_p9k__n]/<_p9k__w>/$_p9k__w}${_p9k__c}%b%K{234\}%F{037\}${${(M)_p9k__e:#11}:+ }$_p9k__v${${:-${_p9k__w::=%b%K{234\}%F{037\} %b%K{234\}%F{037\}}${_p9k__sss::=%b%K{234\}%F{037\} %k%F{234\}%b%K{234\}%F{037\}}${_p9k__i::=3}${_p9k__bg::=234}}+}}}${${:-${P9K_CONTENT::=minikube/default}${_p9k__n::=}${${${_p9k__bg:-0}:#NONE}:-${_p9k__n::=16}}${_p9k__n:=${${(M)${:-x$_p9k__bg}:#x(234|234)}:+18}}${_p9k__n:=19}${P9K_VISUAL_IDENTIFIER::=⎈}${_p9k__v::=⎈}${_p9k__c::="${P9K_KUBECONTEXT_CLOUD_CLUSTER:-${P9K_KUBECONTEXT_NAME}}${${:-/$P9K_KUBECONTEXT_NAMESPACE}:#/default}"}${_p9k__c::=${_p9k__c//
}}${_p9k__e::=${${_p9k__1rkubecontext+00}:-${${(%):-$_p9k__c%1(l.1.0)}[-1]}1}}}+}${${_p9k__e:#00}:+${_p9k_t[$_p9k__n]/<_p9k__w>/$_p9k__w}${_p9k__c}%b%K{234\}%F{134\}${${(M)_p9k__e:#11}:+ }$_p9k__v${${:-${_p9k__w::=%b%K{234\}%F{134\} %b%K{234\}%F{134\}}${_p9k__sss::=%b%K{234\}%F{134\} %k%F{234\}%b%K{234\}%F{134\}}${_p9k__i::=23}${_p9k__bg::=234}}+}}${${:-"${${(%):-%#}:#\#}"}:+${${:-${P9K_CONTENT::=%n@%m}${_p9k__n::=}${${${_p9k__bg:-0}:#NONE}:-${_p9k__n::=20}}${_p9k__n:=${${(M)${:-x$_p9k__bg}:#x(234|234)}:+22}}${_p9k__n:=23}${_p9k__c::=}${_p9k__c::=${_p9k__c//
}}${_p9k__e::=${${_p9k__1rcontext+00}:-${${(%):-$_p9k__c%1(l.1.0)}[-1]}0}}}+}${${_p9k__e:#00}:+${_p9k_t[$_p9k__n]/<_p9k__w>/$_p9k__w}${_p9k__c}%b%K{234\}%F{180\}${${:-${_p9k__w::=%b%K{234\}%F{180\} %b%K{234\}%F{180\}}${_p9k__sss::=%b%K{234\}%F{180\} %k%F{234\}%b%K{234\}%F{180\}}${_p9k__i::=31}${_p9k__bg::=234}}+}}}${${:-"${${(%):-%#}:#\%}"}:+${${:-${P9K_CONTENT::=%B%n@%m}${_p9k__n::=}${${${_p9k__bg:-0}:#NONE}:-${_p9k__n::=24}}${_p9k__n:=${${(M)${:-x$_p9k__bg}:#x(234|234)}:+26}}${_p9k__n:=27}${_p9k__c::="${P9K_CONTENT}"}${_p9k__c::=${_p9k__c//
}}${_p9k__e::=${${_p9k__1rcontext+00}:-${${(%):-$_p9k__c%1(l.1.0)}[-1]}0}}}+}${${_p9k__e:#00}:+${_p9k_t[$_p9k__n]/<_p9k__w>/$_p9k__w}${_p9k__c}%b%K{234\}%F{178\}${${:-${_p9k__w::=%b%K{234\}%F{178\} %b%K{234\}%F{178\}}${_p9k__sss::=%b%K{234\}%F{178\} %k%F{234\}%b%K{234\}%F{178\}}${_p9k__i::=31}${_p9k__bg::=234}}+}}}${${:-"${${:-$_p9k__keymap.$_p9k__zle_state}:#(vicmd.*|vivis.*|vivli.*|*.*insert*)}"}:+${${:-${P9K_CONTENT::=OVERTYPE}${_p9k__n::=}${${${_p9k__bg:-0}:#NONE}:-${_p9k__n::=28}}${_p9k__n:=${${(M)${:-x$_p9k__bg}:#x(234|234)}:+30}}${_p9k__n:=31}${_p9k__c::="${P9K_CONTENT}"}${_p9k__c::=${_p9k__c//
}}${_p9k__e::=${${_p9k__1rvi_mode+00}:-${${(%):-$_p9k__c%1(l.1.0)}[-1]}0}}}+}${${_p9k__e:#00}:+${_p9k_t[$_p9k__n]/<_p9k__w>/$_p9k__w}${_p9k__c}%b%K{234\}%F{172\}${${:-${_p9k__w::=%b%K{234\}%F{172\} %b%K{234\}%F{172\}}${_p9k__sss::=%b%K{234\}%F{172\} %k%F{234\}%b%K{234\}%F{172\}}${_p9k__i::=42}${_p9k__bg::=234}}+}}}${${:-"${(M)${:-$_p9k__keymap$_p9k__region_active}:#vicmd0}"}:+${${:-${P9K_CONTENT::=NORMAL}${_p9k__n::=}${${${_p9k__bg:-0}:#NONE}:-${_p9k__n::=32}}${_p9k__n:=${${(M)${:-x$_p9k__bg}:#x(234|234)}:+34}}${_p9k__n:=35}${_p9k__c::="${P9K_CONTENT}"}${_p9k__c::=${_p9k__c//
}}${_p9k__e::=${${_p9k__1rvi_mode+00}:-${${(%):-$_p9k__c%1(l.1.0)}[-1]}0}}}+}${${_p9k__e:#00}:+${_p9k_t[$_p9k__n]/<_p9k__w>/$_p9k__w}${_p9k__c}%b%K{234\}%F{106\}${${:-${_p9k__w::=%b%K{234\}%F{106\} %b%K{234\}%F{106\}}${_p9k__sss::=%b%K{234\}%F{106\} %k%F{234\}%b%K{234\}%F{106\}}${_p9k__i::=42}${_p9k__bg::=234}}+}}}${${:-"${(M)${:-$_p9k__keymap$_p9k__region_active}:#(vicmd1|vivis?|vivli?)}"}:+${${:-${P9K_CONTENT::=VISUAL}${_p9k__n::=}${${${_p9k__bg:-0}:#NONE}:-${_p9k__n::=36}}${_p9k__n:=${${(M)${:-x$_p9k__bg}:#x(234|234)}:+38}}${_p9k__n:=39}${_p9k__c::="${P9K_CONTENT}"}${_p9k__c::=${_p9k__c//
}}${_p9k__e::=${${_p9k__1rvi_mode+00}:-${${(%):-$_p9k__c%1(l.1.0)}[-1]}0}}}+}${${_p9k__e:#00}:+${_p9k_t[$_p9k__n]/<_p9k__w>/$_p9k__w}${_p9k__c}%b%K{234\}%F{068\}${${:-${_p9k__w::=%b%K{234\}%F{068\} %b%K{234\}%F{068\}}${_p9k__sss::=%b%K{234\}%F{068\} %k%F{234\}%b%K{234\}%F{068\}}${_p9k__i::=42}${_p9k__bg::=234}}+}}}${${:-${P9K_CONTENT::=18:31:18}${_p9k__n::=}${${${_p9k__bg:-0}:#NONE}:-${_p9k__n::=40}}${_p9k__n:=${${(M)${:-x$_p9k__bg}:#x(234|234)}:+42}}${_p9k__n:=43}${_p9k__v::=}${_p9k__c::="${P9K_CONTENT}"}${_p9k__c::=${_p9k__c//
}}${_p9k__e::=${${_p9k__1rtime+00}:-${${(%):-$_p9k__c%1(l.1.0)}[-1]}1}}}+}${${_p9k__e:#00}:+${_p9k_t[$_p9k__n]/<_p9k__w>/$_p9k__w}${_p9k__c}%b%K{234\}%F{066\}${${(M)_p9k__e:#11}:+ }$_p9k__v${${:-${_p9k__w::=%b%K{234\}%F{066\} %b%K{234\}%F{066\}}${_p9k__sss::=%b%K{234\}%F{066\} %k%F{234\}%b%K{234\}%F{066\}}${_p9k__i::=47}${_p9k__bg::=234}}+}}$_p9k__sss%b%k%f}}${_p9k__lprompt::=${_p9k__1l-${${:-${_p9k__bg::=NONE}${_p9k__i::=0}${_p9k__sss::=%f}}+}${${:-${P9K_CONTENT::=}${_p9k__n::=}${${${_p9k__bg:-0}:#NONE}:-${_p9k__n::=44}}${_p9k__n:=${${(M)${:-x234}:#x($_p9k__bg|${_p9k__bg:-0})}:+46}}${_p9k__n:=47}${_p9k__c::="${P9K_CONTENT}"}${_p9k__c::=${_p9k__c//
}}${_p9k__e::=${${_p9k__1los_icon+00}:-${${(%):-$_p9k__c%1(l.1.0)}[-1]}0}}}+}${${_p9k__e:#00}:+${${_p9k_t[$_p9k__n]/<_p9k__ss>/$_p9k__ss}/<_p9k__s>/$_p9k__s}${_p9k__c}%b%K{234\}%F{255\} ${${:-${_p9k__s::=%F{234\}}${_p9k__ss::=%242F}${_p9k__sss::=%F{234\}}${_p9k__i::=1}${_p9k__bg::=234}}+}}${${:-${P9K_CONTENT::="%{d%}/${:-"%B%F{039}"}${(Q)${:-"u"}}${:-"%b%K{234}%F{031}"}/42/${${${_p9k__d:#-*}:+nguyent141}:-${:-"%F{103}"}n${:-"%b%K{234}%F{031}"}${$((_p9k__d+=9))+}}/${${${_p9k__d:#-*}:+data}:-${:-"%F{103}"}d${:-"%b%K{234}%F{031}"}${$((_p9k__d+=3))+}}/${${${_p9k__d:#-*}:+Public}:-${:-"%F{103}"}P${:-"%b%K{234}%F{031}"}${$((_p9k__d+=5))+}}/${${${_p9k__d:#-*}:+git}:-${:-"%F{103}"}gi${:-"%b%K{234}%F{031}"}${$((_p9k__d+=1))+}}/${:-"%B%F{039}"}holisticPolicy${:-"%b%K{234}%F{031}"}/${:-"%B%F{039}"}ROS-simulation${:-"%b%K{234}%F{031}"}/${:-"%B%F{039}"}src${:-"%b%K{234}%F{031}"}%{d%}"}${_p9k__n::=}${${${_p9k__bg:-0}:#NONE}:-${_p9k__n::=136}}${_p9k__n:=${${(M)${:-x234}:#x($_p9k__bg|${_p9k__bg:-0})}:+138}}${_p9k__n:=139}${_p9k__v::=}${_p9k__c::="${P9K_CONTENT}"}${_p9k__c::=${_p9k__c//
}}${_p9k__e::=${${_p9k__1ldir+00}:-${${(%):-$_p9k__c%1(l.1.0)}[-1]}1}}}+}${${_p9k__e:#00}:+${${_p9k_t[$_p9k__n]/<_p9k__ss>/$_p9k__ss}/<_p9k__s>/$_p9k__s}${_p9k__v}${${(M)_p9k__e:#11}:+ }${_p9k__c}%b%K{234\}%F{031\} ${${:-${_p9k__s::=%F{234\}}${_p9k__ss::=%242F}${_p9k__sss::=%F{234\}}${_p9k__i::=2}${_p9k__bg::=234}}+}}${(e)_p9k__vcs}%b%k$_p9k__sss%b%k%f${:-" %b%k%f"}}}}+}${(e)_p9k_t[6]}${${_p9k__h::=84.5}+}${${_p9k__d::=$((_p9k__m-_p9k__h))}+}${_p9k__lprompt/\%\{d\%\}*\%\{d\%\}/${_p9k__1ldir-/${:-"%B%F{039}"}${(Q)${:-"u"}}${:-"%b%K{234}%F{031}"}/42/${${${_p9k__d:#-*}:+nguyent141}:-${:-"%F{103}"}n${:-"%b%K{234}%F{031}"}${$((_p9k__d+=9))+}}/${${${_p9k__d:#-*}:+data}:-${:-"%F{103}"}d${:-"%b%K{234}%F{031}"}${$((_p9k__d+=3))+}}/${${${_p9k__d:#-*}:+Public}:-${:-"%F{103}"}P${:-"%b%K{234}%F{031}"}${$((_p9k__d+=5))+}}/${${${_p9k__d:#-*}:+git}:-${:-"%F{103}"}gi${:-"%b%K{234}%F{031}"}${$((_p9k__d+=1))+}}/${:-"%B%F{039}"}holisticPolicy${:-"%b%K{234}%F{031}"}/${:-"%B%F{039}"}ROS-simulation${:-"%b%K{234}%F{031}"}/${:-"%B%F{039}"}src${:-"%b%K{234}%F{031}"}}}${${_p9k__m::=$((_p9k__d+_p9k__h))}+}}${${COLUMNS::=$_p9k__clm}+} PYTHONPATH=/u/42/nguyent141/data/Public/git/holisticPolicy/ROS-simulation/build/client_drone/prefix_override:/u/42/nguyent141/data/Public/git/holisticPolicy/ROS-simulation/.venv/lib/python3.12/site-packages/colcon_core/task/python/colcon_distutils_commands:/u/42/nguyent141/data/Public/git/holisticPolicy/ROS-simulation/install/client_drone/lib/python3.12/site-packages:${PYTHONPATH} /u/42/nguyent141/data/Public/git/holisticPolicy/ROS-simulation/.venv/bin/python3 -W ignore:setup.py install is deprecated setup.py egg_info --egg-base ../../build/client_drone build --build-base /u/42/nguyent141/data/Public/git/holisticPolicy/ROS-simulation/build/client_drone/build install --record /u/42/nguyent141/data/Public/git/holisticPolicy/ROS-simulation/build/client_drone/install.log --single-version-externally-managed install_data
[1.069s] Level 1:colcon.colcon_core.environment:checking '/u/42/nguyent141/data/Public/git/holisticPolicy/ROS-simulation/install/client_drone' for CMake module files
[1.069s] Level 1:colcon.colcon_core.environment:checking '/u/42/nguyent141/data/Public/git/holisticPolicy/ROS-simulation/install/client_drone' for CMake config files
[1.070s] Level 1:colcon.colcon_core.environment:checking '/u/42/nguyent141/data/Public/git/holisticPolicy/ROS-simulation/install/client_drone/lib'
[1.070s] Level 1:colcon.colcon_core.environment:checking '/u/42/nguyent141/data/Public/git/holisticPolicy/ROS-simulation/install/client_drone/bin'
[1.071s] Level 1:colcon.colcon_core.shell:create_environment_hook('client_drone', 'path')
[1.071s] INFO:colcon.colcon_core.shell:Creating environment hook '/u/42/nguyent141/data/Public/git/holisticPolicy/ROS-simulation/install/client_drone/share/client_drone/hook/path.ps1'
[1.072s] INFO:colcon.colcon_core.shell:Creating environment descriptor '/u/42/nguyent141/data/Public/git/holisticPolicy/ROS-simulation/install/client_drone/share/client_drone/hook/path.dsv'
[1.073s] INFO:colcon.colcon_core.shell:Creating environment hook '/u/42/nguyent141/data/Public/git/holisticPolicy/ROS-simulation/install/client_drone/share/client_drone/hook/path.sh'
[1.074s] Level 1:colcon.colcon_core.environment:checking '/u/42/nguyent141/data/Public/git/holisticPolicy/ROS-simulation/install/client_drone/lib/pkgconfig/client_drone.pc'
[1.075s] Level 1:colcon.colcon_core.environment:checking '/u/42/nguyent141/data/Public/git/holisticPolicy/ROS-simulation/install/client_drone/lib/python3.12/site-packages'
[1.076s] Level 1:colcon.colcon_core.shell:create_environment_hook('client_drone', 'pythonpath')
[1.076s] INFO:colcon.colcon_core.shell:Creating environment hook '/u/42/nguyent141/data/Public/git/holisticPolicy/ROS-simulation/install/client_drone/share/client_drone/hook/pythonpath.ps1'
[1.078s] INFO:colcon.colcon_core.shell:Creating environment descriptor '/u/42/nguyent141/data/Public/git/holisticPolicy/ROS-simulation/install/client_drone/share/client_drone/hook/pythonpath.dsv'
[1.080s] INFO:colcon.colcon_core.shell:Creating environment hook '/u/42/nguyent141/data/Public/git/holisticPolicy/ROS-simulation/install/client_drone/share/client_drone/hook/pythonpath.sh'
[1.082s] Level 1:colcon.colcon_core.environment:checking '/u/42/nguyent141/data/Public/git/holisticPolicy/ROS-simulation/install/client_drone/bin'
[1.082s] Level 1:colcon.colcon_core.shell:create_environment_hook('client_drone', 'pythonscriptspath')
[1.083s] INFO:colcon.colcon_core.shell:Creating environment hook '/u/42/nguyent141/data/Public/git/holisticPolicy/ROS-simulation/install/client_drone/share/client_drone/hook/pythonscriptspath.ps1'
[1.084s] INFO:colcon.colcon_core.shell:Creating environment descriptor '/u/42/nguyent141/data/Public/git/holisticPolicy/ROS-simulation/install/client_drone/share/client_drone/hook/pythonscriptspath.dsv'
[1.086s] INFO:colcon.colcon_core.shell:Creating environment hook '/u/42/nguyent141/data/Public/git/holisticPolicy/ROS-simulation/install/client_drone/share/client_drone/hook/pythonscriptspath.sh'
[1.088s] Level 1:colcon.colcon_core.environment:create_environment_scripts_only(client_drone)
[1.088s] INFO:colcon.colcon_core.shell:Creating package script '/u/42/nguyent141/data/Public/git/holisticPolicy/ROS-simulation/install/client_drone/share/client_drone/package.ps1'
[1.090s] INFO:colcon.colcon_core.shell:Creating package descriptor '/u/42/nguyent141/data/Public/git/holisticPolicy/ROS-simulation/install/client_drone/share/client_drone/package.dsv'
[1.091s] INFO:colcon.colcon_core.shell:Creating package script '/u/42/nguyent141/data/Public/git/holisticPolicy/ROS-simulation/install/client_drone/share/client_drone/package.sh'
[1.091s] INFO:colcon.colcon_core.shell:Creating package script '/u/42/nguyent141/data/Public/git/holisticPolicy/ROS-simulation/install/client_drone/share/client_drone/package.bash'
[1.092s] INFO:colcon.colcon_core.shell:Creating package script '/u/42/nguyent141/data/Public/git/holisticPolicy/ROS-simulation/install/client_drone/share/client_drone/package.zsh'
[1.093s] Level 1:colcon.colcon_core.environment:create_file_with_runtime_dependencies(/u/42/nguyent141/data/Public/git/holisticPolicy/ROS-simulation/install/client_drone/share/colcon-core/packages/client_drone)
[1.094s] DEBUG:colcon.colcon_parallel_executor.executor.parallel:closing loop
[1.094s] DEBUG:colcon.colcon_parallel_executor.executor.parallel:loop closed
[1.094s] DEBUG:colcon.colcon_parallel_executor.executor.parallel:run_until_complete finished with '0'
[1.095s] DEBUG:colcon.colcon_core.event_reactor:joining thread
[1.101s] INFO:colcon.colcon_core.plugin_system:Skipping extension 'colcon_notification.desktop_notification.notify2': 'notify2' not found
[1.102s] INFO:colcon.colcon_core.plugin_system:Skipping extension 'colcon_notification.desktop_notification.terminal_notifier': Not used on non-Darwin systems
[1.103s] INFO:colcon.colcon_core.plugin_system:Skipping extension 'colcon_notification.desktop_notification.win32': Not used on non-Windows systems
[1.103s] INFO:colcon.colcon_notification.desktop_notification:Sending desktop notification using 'notify_send'
[1.134s] DEBUG:colcon.colcon_core.event_reactor:joined thread
[1.135s] INFO:colcon.colcon_core.shell:Creating prefix script '/u/42/nguyent141/data/Public/git/holisticPolicy/ROS-simulation/install/local_setup.ps1'
[1.136s] INFO:colcon.colcon_core.shell:Creating prefix util module '/u/42/nguyent141/data/Public/git/holisticPolicy/ROS-simulation/install/_local_setup_util_ps1.py'
[1.137s] INFO:colcon.colcon_core.shell:Creating prefix chain script '/u/42/nguyent141/data/Public/git/holisticPolicy/ROS-simulation/install/setup.ps1'
[1.139s] INFO:colcon.colcon_core.shell:Creating prefix script '/u/42/nguyent141/data/Public/git/holisticPolicy/ROS-simulation/install/local_setup.sh'
[1.140s] INFO:colcon.colcon_core.shell:Creating prefix util module '/u/42/nguyent141/data/Public/git/holisticPolicy/ROS-simulation/install/_local_setup_util_sh.py'
[1.141s] INFO:colcon.colcon_core.shell:Creating prefix chain script '/u/42/nguyent141/data/Public/git/holisticPolicy/ROS-simulation/install/setup.sh'
[1.143s] INFO:colcon.colcon_core.shell:Creating prefix script '/u/42/nguyent141/data/Public/git/holisticPolicy/ROS-simulation/install/local_setup.bash'
[1.144s] INFO:colcon.colcon_core.shell:Creating prefix chain script '/u/42/nguyent141/data/Public/git/holisticPolicy/ROS-simulation/install/setup.bash'
[1.145s] INFO:colcon.colcon_core.shell:Creating prefix script '/u/42/nguyent141/data/Public/git/holisticPolicy/ROS-simulation/install/local_setup.zsh'
[1.146s] INFO:colcon.colcon_core.shell:Creating prefix chain script '/u/42/nguyent141/data/Public/git/holisticPolicy/ROS-simulation/install/setup.zsh'
