[0.085s] DEBUG:colcon:Command line arguments: ['/u/42/nguyent141/data/Public/git/holisticPolicy/ROS-simulation/.venv/bin/colcon', 'build', '--packages-select', 'client-drone']
[0.085s] DEBUG:colcon:Parsed command line arguments: Namespace(log_base=None, log_level=None, verb_name='build', build_base='build', install_base='install', merge_install=False, symlink_install=False, test_result_base=None, continue_on_error=False, executor='parallel', parallel_workers=20, event_handlers=None, ignore_user_meta=False, metas=['./colcon.meta'], base_paths=['.'], packages_ignore=None, packages_ignore_regex=None, paths=None, packages_up_to=None, packages_up_to_regex=None, packages_above=None, packages_above_and_dependencies=None, packages_above_depth=None, packages_select_by_dep=None, packages_skip_by_dep=None, packages_skip_up_to=None, packages_select_build_failed=False, packages_skip_build_finished=False, packages_select_test_failures=False, packages_skip_test_passed=False, packages_select=['client-drone'], packages_skip=None, packages_select_regex=None, packages_skip_regex=None, packages_start=None, packages_end=None, cmake_args=None, cmake_target=None, cmake_target_skip_unavailable=False, cmake_clean_cache=False, cmake_clean_first=False, cmake_force_configure=False, ament_cmake_args=None, catkin_cmake_args=None, catkin_skip_building_tests=False, verb_parser=<colcon_defaults.argument_parser.defaults.DefaultArgumentsDecorator object at 0x7fe1bc249400>, verb_extension=<colcon_core.verb.build.BuildVerb object at 0x7fe1bc249370>, main=<bound method BuildVerb.main of <colcon_core.verb.build.BuildVerb object at 0x7fe1bc249370>>)
[0.113s] Level 1:colcon.colcon_core.package_discovery:discover_packages(colcon_meta) check parameters
[0.113s] Level 1:colcon.colcon_core.package_discovery:discover_packages(recursive) check parameters
[0.113s] Level 1:colcon.colcon_core.package_discovery:discover_packages(ignore) check parameters
[0.113s] Level 1:colcon.colcon_core.package_discovery:discover_packages(path) check parameters
[0.113s] Level 1:colcon.colcon_core.package_discovery:discover_packages(colcon_meta) discover
[0.113s] Level 1:colcon.colcon_core.package_discovery:discover_packages(recursive) discover
[0.113s] INFO:colcon.colcon_core.package_discovery:Crawling recursively for packages in '/u/42/nguyent141/data/Public/git/holisticPolicy/ROS-simulation'
[0.114s] Level 1:colcon.colcon_core.package_identification:_identify(.) by extensions ['ignore', 'ignore_ament_install']
[0.114s] Level 1:colcon.colcon_core.package_identification:_identify(.) by extension 'ignore'
[0.114s] Level 1:colcon.colcon_core.package_identification:_identify(.) by extension 'ignore_ament_install'
[0.114s] Level 1:colcon.colcon_core.package_identification:_identify(.) by extensions ['colcon_pkg']
[0.114s] Level 1:colcon.colcon_core.package_identification:_identify(.) by extension 'colcon_pkg'
[0.114s] Level 1:colcon.colcon_core.package_identification:_identify(.) by extensions ['colcon_meta']
[0.114s] Level 1:colcon.colcon_core.package_identification:_identify(.) by extension 'colcon_meta'
[0.114s] Level 1:colcon.colcon_core.package_identification:_identify(.) by extensions ['ros']
[0.114s] Level 1:colcon.colcon_core.package_identification:_identify(.) by extension 'ros'
[0.131s] Level 1:colcon.colcon_core.package_identification:_identify(.) by extensions ['cmake', 'python']
[0.131s] Level 1:colcon.colcon_core.package_identification:_identify(.) by extension 'cmake'
[0.131s] Level 1:colcon.colcon_core.package_identification:_identify(.) by extension 'python'
[0.131s] Level 1:colcon.colcon_core.package_identification:_identify(.) by extensions ['python_setup_py']
[0.131s] Level 1:colcon.colcon_core.package_identification:_identify(.) by extension 'python_setup_py'
[0.132s] Level 1:colcon.colcon_core.package_identification:_identify(build) by extensions ['ignore', 'ignore_ament_install']
[0.132s] Level 1:colcon.colcon_core.package_identification:_identify(build) by extension 'ignore'
[0.132s] Level 1:colcon.colcon_core.package_identification:_identify(build) ignored
[0.132s] Level 1:colcon.colcon_core.package_identification:_identify(install) by extensions ['ignore', 'ignore_ament_install']
[0.132s] Level 1:colcon.colcon_core.package_identification:_identify(install) by extension 'ignore'
[0.132s] Level 1:colcon.colcon_core.package_identification:_identify(install) ignored
[0.132s] Level 1:colcon.colcon_core.package_identification:_identify(log) by extensions ['ignore', 'ignore_ament_install']
[0.132s] Level 1:colcon.colcon_core.package_identification:_identify(log) by extension 'ignore'
[0.132s] Level 1:colcon.colcon_core.package_identification:_identify(log) ignored
[0.132s] Level 1:colcon.colcon_core.package_identification:_identify(server-testing) by extensions ['ignore', 'ignore_ament_install']
[0.132s] Level 1:colcon.colcon_core.package_identification:_identify(server-testing) by extension 'ignore'
[0.132s] Level 1:colcon.colcon_core.package_identification:_identify(server-testing) by extension 'ignore_ament_install'
[0.132s] Level 1:colcon.colcon_core.package_identification:_identify(server-testing) by extensions ['colcon_pkg']
[0.132s] Level 1:colcon.colcon_core.package_identification:_identify(server-testing) by extension 'colcon_pkg'
[0.132s] Level 1:colcon.colcon_core.package_identification:_identify(server-testing) by extensions ['colcon_meta']
[0.132s] Level 1:colcon.colcon_core.package_identification:_identify(server-testing) by extension 'colcon_meta'
[0.132s] Level 1:colcon.colcon_core.package_identification:_identify(server-testing) by extensions ['ros']
[0.132s] Level 1:colcon.colcon_core.package_identification:_identify(server-testing) by extension 'ros'
[0.132s] Level 1:colcon.colcon_core.package_identification:_identify(server-testing) by extensions ['cmake', 'python']
[0.132s] Level 1:colcon.colcon_core.package_identification:_identify(server-testing) by extension 'cmake'
[0.132s] Level 1:colcon.colcon_core.package_identification:_identify(server-testing) by extension 'python'
[0.132s] Level 1:colcon.colcon_core.package_identification:_identify(server-testing) by extensions ['python_setup_py']
[0.132s] Level 1:colcon.colcon_core.package_identification:_identify(server-testing) by extension 'python_setup_py'
[0.132s] Level 1:colcon.colcon_core.package_identification:_identify(server-testing/src) by extensions ['ignore', 'ignore_ament_install']
[0.132s] Level 1:colcon.colcon_core.package_identification:_identify(server-testing/src) by extension 'ignore'
[0.132s] Level 1:colcon.colcon_core.package_identification:_identify(server-testing/src) by extension 'ignore_ament_install'
[0.132s] Level 1:colcon.colcon_core.package_identification:_identify(server-testing/src) by extensions ['colcon_pkg']
[0.132s] Level 1:colcon.colcon_core.package_identification:_identify(server-testing/src) by extension 'colcon_pkg'
[0.132s] Level 1:colcon.colcon_core.package_identification:_identify(server-testing/src) by extensions ['colcon_meta']
[0.132s] Level 1:colcon.colcon_core.package_identification:_identify(server-testing/src) by extension 'colcon_meta'
[0.133s] Level 1:colcon.colcon_core.package_identification:_identify(server-testing/src) by extensions ['ros']
[0.133s] Level 1:colcon.colcon_core.package_identification:_identify(server-testing/src) by extension 'ros'
[0.133s] Level 1:colcon.colcon_core.package_identification:_identify(server-testing/src) by extensions ['cmake', 'python']
[0.133s] Level 1:colcon.colcon_core.package_identification:_identify(server-testing/src) by extension 'cmake'
[0.133s] Level 1:colcon.colcon_core.package_identification:_identify(server-testing/src) by extension 'python'
[0.133s] Level 1:colcon.colcon_core.package_identification:_identify(server-testing/src) by extensions ['python_setup_py']
[0.133s] Level 1:colcon.colcon_core.package_identification:_identify(server-testing/src) by extension 'python_setup_py'
[0.133s] Level 1:colcon.colcon_core.package_identification:_identify(server-testing/src/__pycache__) by extensions ['ignore', 'ignore_ament_install']
[0.133s] Level 1:colcon.colcon_core.package_identification:_identify(server-testing/src/__pycache__) by extension 'ignore'
[0.133s] Level 1:colcon.colcon_core.package_identification:_identify(server-testing/src/__pycache__) by extension 'ignore_ament_install'
[0.133s] Level 1:colcon.colcon_core.package_identification:_identify(server-testing/src/__pycache__) by extensions ['colcon_pkg']
[0.133s] Level 1:colcon.colcon_core.package_identification:_identify(server-testing/src/__pycache__) by extension 'colcon_pkg'
[0.133s] Level 1:colcon.colcon_core.package_identification:_identify(server-testing/src/__pycache__) by extensions ['colcon_meta']
[0.133s] Level 1:colcon.colcon_core.package_identification:_identify(server-testing/src/__pycache__) by extension 'colcon_meta'
[0.133s] Level 1:colcon.colcon_core.package_identification:_identify(server-testing/src/__pycache__) by extensions ['ros']
[0.133s] Level 1:colcon.colcon_core.package_identification:_identify(server-testing/src/__pycache__) by extension 'ros'
[0.133s] Level 1:colcon.colcon_core.package_identification:_identify(server-testing/src/__pycache__) by extensions ['cmake', 'python']
[0.133s] Level 1:colcon.colcon_core.package_identification:_identify(server-testing/src/__pycache__) by extension 'cmake'
[0.133s] Level 1:colcon.colcon_core.package_identification:_identify(server-testing/src/__pycache__) by extension 'python'
[0.133s] Level 1:colcon.colcon_core.package_identification:_identify(server-testing/src/__pycache__) by extensions ['python_setup_py']
[0.133s] Level 1:colcon.colcon_core.package_identification:_identify(server-testing/src/__pycache__) by extension 'python_setup_py'
[0.133s] Level 1:colcon.colcon_core.package_identification:_identify(src) by extensions ['ignore', 'ignore_ament_install']
[0.133s] Level 1:colcon.colcon_core.package_identification:_identify(src) by extension 'ignore'
[0.133s] Level 1:colcon.colcon_core.package_identification:_identify(src) by extension 'ignore_ament_install'
[0.133s] Level 1:colcon.colcon_core.package_identification:_identify(src) by extensions ['colcon_pkg']
[0.133s] Level 1:colcon.colcon_core.package_identification:_identify(src) by extension 'colcon_pkg'
[0.133s] Level 1:colcon.colcon_core.package_identification:_identify(src) by extensions ['colcon_meta']
[0.133s] Level 1:colcon.colcon_core.package_identification:_identify(src) by extension 'colcon_meta'
[0.133s] Level 1:colcon.colcon_core.package_identification:_identify(src) by extensions ['ros']
[0.133s] Level 1:colcon.colcon_core.package_identification:_identify(src) by extension 'ros'
[0.133s] Level 1:colcon.colcon_core.package_identification:_identify(src) by extensions ['cmake', 'python']
[0.133s] Level 1:colcon.colcon_core.package_identification:_identify(src) by extension 'cmake'
[0.133s] Level 1:colcon.colcon_core.package_identification:_identify(src) by extension 'python'
[0.133s] Level 1:colcon.colcon_core.package_identification:_identify(src) by extensions ['python_setup_py']
[0.133s] Level 1:colcon.colcon_core.package_identification:_identify(src) by extension 'python_setup_py'
[0.133s] Level 1:colcon.colcon_core.package_identification:_identify(src/client-drone) by extensions ['ignore', 'ignore_ament_install']
[0.133s] Level 1:colcon.colcon_core.package_identification:_identify(src/client-drone) by extension 'ignore'
[0.133s] Level 1:colcon.colcon_core.package_identification:_identify(src/client-drone) by extension 'ignore_ament_install'
[0.133s] Level 1:colcon.colcon_core.package_identification:_identify(src/client-drone) by extensions ['colcon_pkg']
[0.133s] Level 1:colcon.colcon_core.package_identification:_identify(src/client-drone) by extension 'colcon_pkg'
[0.133s] Level 1:colcon.colcon_core.package_identification:_identify(src/client-drone) by extensions ['colcon_meta']
[0.133s] Level 1:colcon.colcon_core.package_identification:_identify(src/client-drone) by extension 'colcon_meta'
[0.134s] Level 1:colcon.colcon_core.package_identification:_identify(src/client-drone) by extensions ['ros']
[0.134s] Level 1:colcon.colcon_core.package_identification:_identify(src/client-drone) by extension 'ros'
[0.135s] DEBUG:colcon.colcon_core.package_identification:Package 'src/client-drone' with type 'ros.ament_python' and name 'client-drone'
[0.135s] Level 1:colcon.colcon_core.package_identification:_identify(src/py_srvcli2) by extensions ['ignore', 'ignore_ament_install']
[0.135s] Level 1:colcon.colcon_core.package_identification:_identify(src/py_srvcli2) by extension 'ignore'
[0.135s] Level 1:colcon.colcon_core.package_identification:_identify(src/py_srvcli2) by extension 'ignore_ament_install'
[0.135s] Level 1:colcon.colcon_core.package_identification:_identify(src/py_srvcli2) by extensions ['colcon_pkg']
[0.135s] Level 1:colcon.colcon_core.package_identification:_identify(src/py_srvcli2) by extension 'colcon_pkg'
[0.136s] Level 1:colcon.colcon_core.package_identification:_identify(src/py_srvcli2) by extensions ['colcon_meta']
[0.136s] Level 1:colcon.colcon_core.package_identification:_identify(src/py_srvcli2) by extension 'colcon_meta'
[0.136s] Level 1:colcon.colcon_core.package_identification:_identify(src/py_srvcli2) by extensions ['ros']
[0.136s] Level 1:colcon.colcon_core.package_identification:_identify(src/py_srvcli2) by extension 'ros'
[0.136s] DEBUG:colcon.colcon_core.package_identification:Package 'src/py_srvcli2' with type 'ros.ament_python' and name 'py_srvcli2'
[0.136s] Level 1:colcon.colcon_core.package_discovery:discover_packages(recursive) using defaults
[0.136s] Level 1:colcon.colcon_core.package_discovery:discover_packages(ignore) discover
[0.136s] Level 1:colcon.colcon_core.package_discovery:discover_packages(ignore) using defaults
[0.136s] Level 1:colcon.colcon_core.package_discovery:discover_packages(path) discover
[0.136s] Level 1:colcon.colcon_core.package_discovery:discover_packages(path) using defaults
[0.149s] INFO:colcon.colcon_core.package_selection:Skipping not selected package 'py_srvcli2' in 'src/py_srvcli2'
[0.149s] Level 5:colcon.colcon_core.verb:set package 'client-drone' build argument 'cmake_args' from command line to 'None'
[0.149s] Level 5:colcon.colcon_core.verb:set package 'client-drone' build argument 'cmake_target' from command line to 'None'
[0.149s] Level 5:colcon.colcon_core.verb:set package 'client-drone' build argument 'cmake_target_skip_unavailable' from command line to 'False'
[0.149s] Level 5:colcon.colcon_core.verb:set package 'client-drone' build argument 'cmake_clean_cache' from command line to 'False'
[0.149s] Level 5:colcon.colcon_core.verb:set package 'client-drone' build argument 'cmake_clean_first' from command line to 'False'
[0.149s] Level 5:colcon.colcon_core.verb:set package 'client-drone' build argument 'cmake_force_configure' from command line to 'False'
[0.149s] Level 5:colcon.colcon_core.verb:set package 'client-drone' build argument 'ament_cmake_args' from command line to 'None'
[0.149s] Level 5:colcon.colcon_core.verb:set package 'client-drone' build argument 'catkin_cmake_args' from command line to 'None'
[0.149s] Level 5:colcon.colcon_core.verb:set package 'client-drone' build argument 'catkin_skip_building_tests' from command line to 'False'
[0.149s] DEBUG:colcon.colcon_core.verb:Building package 'client-drone' with the following arguments: {'ament_cmake_args': None, 'build_base': '/u/42/nguyent141/data/Public/git/holisticPolicy/ROS-simulation/build/client-drone', 'catkin_cmake_args': None, 'catkin_skip_building_tests': False, 'cmake_args': None, 'cmake_clean_cache': False, 'cmake_clean_first': False, 'cmake_force_configure': False, 'cmake_target': None, 'cmake_target_skip_unavailable': False, 'install_base': '/u/42/nguyent141/data/Public/git/holisticPolicy/ROS-simulation/install/client-drone', 'merge_install': False, 'path': '/u/42/nguyent141/data/Public/git/holisticPolicy/ROS-simulation/src/client-drone', 'symlink_install': False, 'test_result_base': None}
[0.149s] INFO:colcon.colcon_core.executor:Executing jobs using 'parallel' executor
[0.151s] DEBUG:colcon.colcon_parallel_executor.executor.parallel:run_until_complete
[0.151s] INFO:colcon.colcon_ros.task.ament_python.build:Building ROS package in '/u/42/nguyent141/data/Public/git/holisticPolicy/ROS-simulation/src/client-drone' with build type 'ament_python'
[0.151s] Level 1:colcon.colcon_core.shell:create_environment_hook('client-drone', 'ament_prefix_path')
[0.153s] INFO:colcon.colcon_core.plugin_system:Skipping extension 'colcon_core.shell.bat': Not used on non-Windows systems
[0.153s] INFO:colcon.colcon_core.shell:Creating environment hook '/u/42/nguyent141/data/Public/git/holisticPolicy/ROS-simulation/install/client-drone/share/client-drone/hook/ament_prefix_path.ps1'
[0.154s] INFO:colcon.colcon_core.shell:Creating environment descriptor '/u/42/nguyent141/data/Public/git/holisticPolicy/ROS-simulation/install/client-drone/share/client-drone/hook/ament_prefix_path.dsv'
[0.154s] INFO:colcon.colcon_core.shell:Creating environment hook '/u/42/nguyent141/data/Public/git/holisticPolicy/ROS-simulation/install/client-drone/share/client-drone/hook/ament_prefix_path.sh'
[0.155s] INFO:colcon.colcon_core.shell:Skip shell extension 'powershell' for command environment: Not usable outside of PowerShell
[0.155s] DEBUG:colcon.colcon_core.shell:Skip shell extension 'dsv' for command environment
[0.402s] DEBUG:colcon.colcon_parallel_executor.executor.parallel:closing loop
[0.402s] DEBUG:colcon.colcon_parallel_executor.executor.parallel:loop closed
[0.403s] DEBUG:colcon.colcon_parallel_executor.executor.parallel:run_until_complete finished with 'Command '['/u/42/nguyent141/data/Public/git/holisticPolicy/ROS-simulation/.venv/bin/python3', '-c', 'import sys;from contextlib import suppress;exec("with suppress(ImportError):    from setuptools.extern.packaging.specifiers    import SpecifierSet");exec("with suppress(ImportError):    from packaging.specifiers import SpecifierSet");from distutils.core import run_setup;dist = run_setup(    \'setup.py\', script_args=(\'--dry-run\',), stop_after=\'config\');skip_keys = (\'cmdclass\', \'distclass\', \'ext_modules\', \'metadata\');data = {    key: value for key, value in dist.__dict__.items()     if (        not key.startswith(\'_\') and         not callable(value) and         key not in skip_keys and         key not in dist.display_option_names    )};data[\'metadata\'] = {    k: v for k, v in dist.metadata.__dict__.items()     if k not in (\'license_files\', \'provides_extras\')};sys.stdout.buffer.write(repr(data).encode(\'utf-8\'))']' returned non-zero exit status 1.'
[0.403s] DEBUG:colcon.colcon_core.event_reactor:joining thread
[0.407s] INFO:colcon.colcon_core.plugin_system:Skipping extension 'colcon_notification.desktop_notification.notify2': 'notify2' not found
[0.408s] INFO:colcon.colcon_core.plugin_system:Skipping extension 'colcon_notification.desktop_notification.terminal_notifier': Not used on non-Darwin systems
[0.408s] INFO:colcon.colcon_core.plugin_system:Skipping extension 'colcon_notification.desktop_notification.win32': Not used on non-Windows systems
[0.408s] INFO:colcon.colcon_notification.desktop_notification:Sending desktop notification using 'notify_send'
[0.433s] DEBUG:colcon.colcon_core.event_reactor:joined thread
[0.433s] INFO:colcon.colcon_core.shell:Creating prefix script '/u/42/nguyent141/data/Public/git/holisticPolicy/ROS-simulation/install/local_setup.ps1'
[0.435s] INFO:colcon.colcon_core.shell:Creating prefix util module '/u/42/nguyent141/data/Public/git/holisticPolicy/ROS-simulation/install/_local_setup_util_ps1.py'
[0.438s] INFO:colcon.colcon_core.shell:Creating prefix chain script '/u/42/nguyent141/data/Public/git/holisticPolicy/ROS-simulation/install/setup.ps1'
[0.440s] INFO:colcon.colcon_core.shell:Creating prefix script '/u/42/nguyent141/data/Public/git/holisticPolicy/ROS-simulation/install/local_setup.sh'
[0.441s] INFO:colcon.colcon_core.shell:Creating prefix util module '/u/42/nguyent141/data/Public/git/holisticPolicy/ROS-simulation/install/_local_setup_util_sh.py'
[0.443s] INFO:colcon.colcon_core.shell:Creating prefix chain script '/u/42/nguyent141/data/Public/git/holisticPolicy/ROS-simulation/install/setup.sh'
[0.445s] INFO:colcon.colcon_core.shell:Creating prefix script '/u/42/nguyent141/data/Public/git/holisticPolicy/ROS-simulation/install/local_setup.bash'
[0.447s] INFO:colcon.colcon_core.shell:Creating prefix chain script '/u/42/nguyent141/data/Public/git/holisticPolicy/ROS-simulation/install/setup.bash'
[0.448s] INFO:colcon.colcon_core.shell:Creating prefix script '/u/42/nguyent141/data/Public/git/holisticPolicy/ROS-simulation/install/local_setup.zsh'
[0.449s] INFO:colcon.colcon_core.shell:Creating prefix chain script '/u/42/nguyent141/data/Public/git/holisticPolicy/ROS-simulation/install/setup.zsh'
