running egg_info
writing ../../build/client_drone/client_drone.egg-info/PKG-INFO
writing dependency_links to ../../build/client_drone/client_drone.egg-info/dependency_links.txt
writing entry points to ../../build/client_drone/client_drone.egg-info/entry_points.txt
writing requirements to ../../build/client_drone/client_drone.egg-info/requires.txt
writing top-level names to ../../build/client_drone/client_drone.egg-info/top_level.txt
reading manifest file '../../build/client_drone/client_drone.egg-info/SOURCES.txt'
adding license file 'LICENSE'
writing manifest file '../../build/client_drone/client_drone.egg-info/SOURCES.txt'
running build
running build_py
copying client_drone/client.py -> /u/42/nguyent141/data/Public/git/holisticPolicy/ROS-simulation/build/client_drone/build/lib/client_drone
copying client_drone/__init__.py -> /u/42/nguyent141/data/Public/git/holisticPolicy/ROS-simulation/build/client_drone/build/lib/client_drone
running install
running install_lib
creating /u/42/nguyent141/data/Public/git/holisticPolicy/ROS-simulation/install/client_drone/lib/python3.10/site-packages/client_drone
copying /u/42/nguyent141/data/Public/git/holisticPolicy/ROS-simulation/build/client_drone/build/lib/client_drone/client.py -> /u/42/nguyent141/data/Public/git/holisticPolicy/ROS-simulation/install/client_drone/lib/python3.10/site-packages/client_drone
copying /u/42/nguyent141/data/Public/git/holisticPolicy/ROS-simulation/build/client_drone/build/lib/client_drone/__init__.py -> /u/42/nguyent141/data/Public/git/holisticPolicy/ROS-simulation/install/client_drone/lib/python3.10/site-packages/client_drone
byte-compiling /u/42/nguyent141/data/Public/git/holisticPolicy/ROS-simulation/install/client_drone/lib/python3.10/site-packages/client_drone/client.py to client.cpython-310.pyc
byte-compiling /u/42/nguyent141/data/Public/git/holisticPolicy/ROS-simulation/install/client_drone/lib/python3.10/site-packages/client_drone/__init__.py to __init__.cpython-310.pyc
running install_data
copying resource/client_drone -> /u/42/nguyent141/data/Public/git/holisticPolicy/ROS-simulation/install/client_drone/share/ament_index/resource_index/packages
copying package.xml -> /u/42/nguyent141/data/Public/git/holisticPolicy/ROS-simulation/install/client_drone/share/client_drone
running install_egg_info
Copying ../../build/client_drone/client_drone.egg-info to /u/42/nguyent141/data/Public/git/holisticPolicy/ROS-simulation/install/client_drone/lib/python3.10/site-packages/client_drone-0.0.0-py3.10.egg-info
running install_scripts
Installing client script to /u/42/nguyent141/data/Public/git/holisticPolicy/ROS-simulation/install/client_drone/lib/client_drone
writing list of installed files to '/u/42/nguyent141/data/Public/git/holisticPolicy/ROS-simulation/build/client_drone/install.log'
